// Jest Snapshot v1, https://goo.gl/fbAQLP

exports[`<TodoApp /> should be displayed correctly 1`] = `
<div>
  <h1>
    TodosApp 
    0
  </h1>
  <hr />
  <div
    className="row"
  >
    <div
      className="col-7  d-flex flex-column justify-content-center"
    >
      <h2
        className=""
      >
        Todos
      </h2>
      <ul
        className="d-flex flex-column justify-content-start p-0"
      />
    </div>
    <FormTodo
      handleAddTodo={[Function]}
    />
  </div>
</div>
`;
